// Jest Snapshot v1, https://goo.gl/fbAQLP

exports[`Source Uso de RANGE range.4gl 1`] = `
main

display "hello " 

end main
~~~~~~~~~~~~~~~~~~~~~~~~~~~~~~~~~~~~~~~~~~~~~~~~~~~~~~~~~~~~~~~~~~~~~~~~~~~~~~~~
main

display "hello " 

end main

`;
